// Jest Snapshot v1, https://goo.gl/fbAQLP

exports[`Unit Testing Mission Test Mission component snapshot 1`] = `
<div
  className="rocket-list"
/>
`;
